# LYKENOX multipitch suffix map.
# Format: midi prefix suffix
# Empty prefix, suffix selects alias_Low / alias_Mid / alias_High.
0		_Low
1		_Low
2		_Low
3		_Low
4		_Low
5		_Low
6		_Low
7		_Low
8		_Low
9		_Low
10		_Low
11		_Low
12		_Low
13		_Low
14		_Low
15		_Low
16		_Low
17		_Low
18		_Low
19		_Low
20		_Low
21		_Low
22		_Low
23		_Low
24		_Low
25		_Low
26		_Low
27		_Low
28		_Low
29		_Low
30		_Low
31		_Low
32		_Low
33		_Low
34		_Low
35		_Low
36		_Low
37		_Low
38		_Low
39		_Low
40		_Low
41		_Low
42		_Low
43		_Low
44		_Low
45		_Low
46		_Low
47		_Low
48		_Low
49		_Low
50		_Mid
51		_Mid
52		_Mid
53		_Mid
54		_Mid
55		_High
56		_High
57		_High
58		_High
59		_High
60		_High
61		_High
62		_High
63		_High
64		_High
65		_High
66		_High
67		_High
68		_High
69		_High
70		_High
71		_High
72		_High
73		_High
74		_High
75		_High
76		_High
77		_High
78		_High
79		_High
80		_High
81		_High
82		_High
83		_High
84		_High
85		_High
86		_High
87		_High
88		_High
89		_High
90		_High
91		_High
92		_High
93		_High
94		_High
95		_High
96		_High
97		_High
98		_High
99		_High
100		_High
101		_High
102		_High
103		_High
104		_High
105		_High
106		_High
107		_High
108		_High
109		_High
110		_High
111		_High
112		_High
113		_High
114		_High
115		_High
116		_High
117		_High
118		_High
119		_High
120		_High
121		_High
122		_High
123		_High
124		_High
125		_High
126		_High
127		_High
